python : 127.0.0.1 - - [24/Jul/2026 04:21:56] "GET /index.html HTTP/1.1" 200 -
At line:1 char:1
+ python test_e2e.py > test-output.txt 2>&1; if ($LASTEXITCODE -eq 0) { ...
+ ~~~~~~~~~~~~~~~~~~~~~~~~~~~~~~~~~~~~~~~~~
    + CategoryInfo          : NotSpecified: (127.0.0.1 - - [...HTTP/1.1" 200 - 
   :String) [], RemoteException
    + FullyQualifiedErrorId : NativeCommandError
 
127.0.0.1 - - [24/Jul/2026 04:21:56] "GET /style.css HTTP/1.1" 200 -
127.0.0.1 - - [24/Jul/2026 04:21:56] "GET /data.js HTTP/1.1" 200 -
127.0.0.1 - - [24/Jul/2026 04:21:56] "GET /audio_manifest.js HTTP/1.1" 200 -
127.0.0.1 - - [24/Jul/2026 04:21:56] "GET /app.js HTTP/1.1" 200 -
127.0.0.1 - - [24/Jul/2026 04:21:56] "GET /audio/hello-let-s-play.wav 
HTTP/1.1" 200 -
127.0.0.1 - - [24/Jul/2026 04:21:56] "GET /audio/pick-a-level-to-play.wav 
HTTP/1.1" 200 -
127.0.0.1 - - [24/Jul/2026 04:21:57] "GET /audio/get-ready.wav HTTP/1.1" 200 -
127.0.0.1 - - [24/Jul/2026 04:21:58] "GET /audio/welcome-to-magic-academy.wav 
HTTP/1.1" 200 -
127.0.0.1 - - [24/Jul/2026 04:22:01] "GET /audio/apple.wav HTTP/1.1" 200 -
127.0.0.1 - - [24/Jul/2026 04:22:02] "GET /audio/banana.wav HTTP/1.1" 200 -
127.0.0.1 - - [24/Jul/2026 04:22:04] "GET /audio/happy.wav HTTP/1.1" 200 -
127.0.0.1 - - [24/Jul/2026 04:22:05] "GET /audio/elephant.wav HTTP/1.1" 200 -
127.0.0.1 - - [24/Jul/2026 04:22:07] "GET /audio/rainbow.wav HTTP/1.1" 200 -
127.0.0.1 - - [24/Jul/2026 04:22:08] "GET /audio/well-done.wav HTTP/1.1" 200 -
127.0.0.1 - - [24/Jul/2026 04:22:10] "GET 
/audio/this-level-is-locked-score-95-to-unlock-it.wav HTTP/1.1" 200 -
127.0.0.1 - - [24/Jul/2026 04:22:10] "GET /images/purple.svg HTTP/1.1" 200 -
127.0.0.1 - - [24/Jul/2026 04:22:10] "GET /audio/is-it-right-tap-yes-or-no.wav 
HTTP/1.1" 200 -
127.0.0.1 - - [24/Jul/2026 04:22:10] "GET /images/comet.svg HTTP/1.1" 200 -
127.0.0.1 - - [24/Jul/2026 04:22:10] "GET 
/audio/look-and-tap-the-right-word.wav HTTP/1.1" 200 -
127.0.0.1 - - [24/Jul/2026 04:22:10] "GET 
/audio/listen-then-tap-the-right-word.wav HTTP/1.1" 200 -
127.0.0.1 - - [24/Jul/2026 04:22:14] "GET /audio/perfect.wav HTTP/1.1" 200 -
127.0.0.1 - - [24/Jul/2026 04:22:14] "GET 
/audio/tap-the-words-in-the-right-order.wav HTTP/1.1" 200 -
127.0.0.1 - - [24/Jul/2026 04:22:19] "GET 
/audio/listen-then-tap-the-right-picture.wav HTTP/1.1" 200 -
127.0.0.1 - - [24/Jul/2026 04:22:20] "GET /audio/you-nailed-it.wav HTTP/1.1" 
200 -
127.0.0.1 - - [24/Jul/2026 04:22:20] "GET /audio/oops-try-again.wav HTTP/1.1" 
200 -
127.0.0.1 - - [24/Jul/2026 04:22:20] "GET 
/audio/tap-the-letters-to-spell-the-word.wav HTTP/1.1" 200 -
127.0.0.1 - - [24/Jul/2026 04:22:21] "GET /audio/fantastic.wav HTTP/1.1" 200 -
127.0.0.1 - - [24/Jul/2026 04:22:22] "GET /audio/nice-work.wav HTTP/1.1" 200 -
127.0.0.1 - - [24/Jul/2026 04:22:22] "GET 
/audio/tap-each-speaker-which-one-is-the-picture.wav HTTP/1.1" 200 -
127.0.0.1 - - [24/Jul/2026 04:22:27] "GET 
/audio/match-every-picture-to-its-word.wav HTTP/1.1" 200 -
127.0.0.1 - - [24/Jul/2026 04:22:32] "GET 
/audio/put-each-word-in-the-right-box.wav HTTP/1.1" 200 -
127.0.0.1 - - [24/Jul/2026 04:22:37] "GET /audio/you-rock.wav HTTP/1.1" 200 -
127.0.0.1 - - [24/Jul/2026 04:22:38] "GET /images/blue.svg HTTP/1.1" 200 -
127.0.0.1 - - [24/Jul/2026 04:22:38] "GET /images/yellow.svg HTTP/1.1" 200 -
127.0.0.1 - - [24/Jul/2026 04:22:38] "GET /images/red.svg HTTP/1.1" 200 -
127.0.0.1 - - [24/Jul/2026 04:22:38] "GET /images/black.svg HTTP/1.1" 200 -
127.0.0.1 - - [24/Jul/2026 04:22:38] "GET /images/green.svg HTTP/1.1" 200 -
127.0.0.1 - - [24/Jul/2026 04:22:38] "GET /images/pink.svg HTTP/1.1" 200 -
127.0.0.1 - - [24/Jul/2026 04:22:38] "GET /images/orange.svg HTTP/1.1" 200 -
127.0.0.1 - - [24/Jul/2026 04:22:38] "GET /images/four.svg HTTP/1.1" 200 -
127.0.0.1 - - [24/Jul/2026 04:22:38] "GET /images/two.svg HTTP/1.1" 200 -
127.0.0.1 - - [24/Jul/2026 04:22:38] "GET /images/one.svg HTTP/1.1" 200 -
127.0.0.1 - - [24/Jul/2026 04:22:38] "GET /images/three.svg HTTP/1.1" 200 -
127.0.0.1 - - [24/Jul/2026 04:22:39] "GET /images/five.svg HTTP/1.1" 200 -
127.0.0.1 - - [24/Jul/2026 04:22:39] "GET /images/ten.svg HTTP/1.1" 200 -
127.0.0.1 - - [24/Jul/2026 04:22:39] "GET /images/nine.svg HTTP/1.1" 200 -
127.0.0.1 - - [24/Jul/2026 04:22:39] "GET /images/eight.svg HTTP/1.1" 200 -
127.0.0.1 - - [24/Jul/2026 04:22:39] "GET /images/six.svg HTTP/1.1" 200 -
127.0.0.1 - - [24/Jul/2026 04:22:39] "GET /images/seven.svg HTTP/1.1" 200 -
127.0.0.1 - - [24/Jul/2026 04:22:39] "GET /images/star.svg HTTP/1.1" 200 -
127.0.0.1 - - [24/Jul/2026 04:22:39] "GET /images/circle.svg HTTP/1.1" 200 -
127.0.0.1 - - [24/Jul/2026 04:22:39] "GET /images/moon.svg HTTP/1.1" 200 -
127.0.0.1 - - [24/Jul/2026 04:22:39] "GET /images/diamond.svg HTTP/1.1" 200 -
127.0.0.1 - - [24/Jul/2026 04:22:39] "GET /images/square.svg HTTP/1.1" 200 -
127.0.0.1 - - [24/Jul/2026 04:22:39] "GET /images/heart.svg HTTP/1.1" 200 -
127.0.0.1 - - [24/Jul/2026 04:22:39] "GET /images/fish.svg HTTP/1.1" 200 -
127.0.0.1 - - [24/Jul/2026 04:22:39] "GET /images/mouse.svg HTTP/1.1" 200 -
127.0.0.1 - - [24/Jul/2026 04:22:39] "GET /images/bird.svg HTTP/1.1" 200 -
127.0.0.1 - - [24/Jul/2026 04:22:39] "GET /images/cat.svg HTTP/1.1" 200 -
127.0.0.1 - - [24/Jul/2026 04:22:40] "GET /images/rabbit.svg HTTP/1.1" 200 -
127.0.0.1 - - [24/Jul/2026 04:22:40] "GET /images/dog.svg HTTP/1.1" 200 -
127.0.0.1 - - [24/Jul/2026 04:22:40] "GET /images/pig.svg HTTP/1.1" 200 -
127.0.0.1 - - [24/Jul/2026 04:22:40] "GET /images/cow.svg HTTP/1.1" 200 -
127.0.0.1 - - [24/Jul/2026 04:22:40] "GET /images/duck.svg HTTP/1.1" 200 -
127.0.0.1 - - [24/Jul/2026 04:22:40] "GET /images/sheep.svg HTTP/1.1" 200 -
127.0.0.1 - - [24/Jul/2026 04:22:40] "GET /images/hen.svg HTTP/1.1" 200 -
127.0.0.1 - - [24/Jul/2026 04:22:40] "GET /images/horse.svg HTTP/1.1" 200 -
127.0.0.1 - - [24/Jul/2026 04:22:40] "GET /images/nose.svg HTTP/1.1" 200 -
127.0.0.1 - - [24/Jul/2026 04:22:40] "GET /images/eye.svg HTTP/1.1" 200 -
127.0.0.1 - - [24/Jul/2026 04:22:40] "GET /images/ear.svg HTTP/1.1" 200 -
127.0.0.1 - - [24/Jul/2026 04:22:40] "GET /images/mouth.svg HTTP/1.1" 200 -
127.0.0.1 - - [24/Jul/2026 04:22:40] "GET /images/hand.svg HTTP/1.1" 200 -
127.0.0.1 - - [24/Jul/2026 04:22:40] "GET /images/foot.svg HTTP/1.1" 200 -
127.0.0.1 - - [24/Jul/2026 04:22:40] "GET /images/grapes.svg HTTP/1.1" 200 -
127.0.0.1 - - [24/Jul/2026 04:22:40] "GET /images/banana.svg HTTP/1.1" 200 -
127.0.0.1 - - [24/Jul/2026 04:22:40] "GET /images/orange-fruit.svg HTTP/1.1" 
200 -
127.0.0.1 - - [24/Jul/2026 04:22:40] "GET /images/watermelon.svg HTTP/1.1" 200 
-
127.0.0.1 - - [24/Jul/2026 04:22:41] "GET /images/apple.svg HTTP/1.1" 200 -
127.0.0.1 - - [24/Jul/2026 04:22:41] "GET /images/strawberry.svg HTTP/1.1" 200 
-
127.0.0.1 - - [24/Jul/2026 04:22:41] "GET /images/ball.svg HTTP/1.1" 200 -
127.0.0.1 - - [24/Jul/2026 04:22:41] "GET /images/teddy-bear.svg HTTP/1.1" 200 
-
127.0.0.1 - - [24/Jul/2026 04:22:41] "GET /images/car.svg HTTP/1.1" 200 -
127.0.0.1 - - [24/Jul/2026 04:22:41] "GET /images/blocks.svg HTTP/1.1" 200 -
127.0.0.1 - - [24/Jul/2026 04:22:41] "GET /images/doll.svg HTTP/1.1" 200 -
127.0.0.1 - - [24/Jul/2026 04:22:41] "GET /images/kite.svg HTTP/1.1" 200 -
127.0.0.1 - - [24/Jul/2026 04:22:41] "GET /images/sister.svg HTTP/1.1" 200 -
127.0.0.1 - - [24/Jul/2026 04:22:41] "GET /images/brother.svg HTTP/1.1" 200 -
127.0.0.1 - - [24/Jul/2026 04:22:41] "GET /images/mom.svg HTTP/1.1" 200 -
127.0.0.1 - - [24/Jul/2026 04:22:41] "GET /images/dad.svg HTTP/1.1" 200 -
127.0.0.1 - - [24/Jul/2026 04:22:41] "GET /images/baby.svg HTTP/1.1" 200 -
127.0.0.1 - - [24/Jul/2026 04:22:41] "GET /images/grandpa.svg HTTP/1.1" 200 -
127.0.0.1 - - [24/Jul/2026 04:22:41] "GET /images/grandma.svg HTTP/1.1" 200 -
127.0.0.1 - - [24/Jul/2026 04:22:41] "GET /images/cry.svg HTTP/1.1" 200 -
127.0.0.1 - - [24/Jul/2026 04:22:41] "GET /images/angry.svg HTTP/1.1" 200 -
127.0.0.1 - - [24/Jul/2026 04:22:41] "GET /images/yawn.svg HTTP/1.1" 200 -
127.0.0.1 - - [24/Jul/2026 04:22:41] "GET /images/smile.svg HTTP/1.1" 200 -
127.0.0.1 - - [24/Jul/2026 04:22:41] "GET /images/wink.svg HTTP/1.1" 200 -
127.0.0.1 - - [24/Jul/2026 04:22:41] "GET /images/laugh.svg HTTP/1.1" 200 -
127.0.0.1 - - [24/Jul/2026 04:22:42] "GET /images/candy.svg HTTP/1.1" 200 -
127.0.0.1 - - [24/Jul/2026 04:22:42] "GET /images/lollipop.svg HTTP/1.1" 200 -
127.0.0.1 - - [24/Jul/2026 04:22:42] "GET /images/cupcake.svg HTTP/1.1" 200 -
127.0.0.1 - - [24/Jul/2026 04:22:42] "GET /images/popcorn.svg HTTP/1.1" 200 -
127.0.0.1 - - [24/Jul/2026 04:22:42] "GET /images/cookie.svg HTTP/1.1" 200 -
127.0.0.1 - - [24/Jul/2026 04:22:42] "GET /images/chocolate.svg HTTP/1.1" 200 -
127.0.0.1 - - [24/Jul/2026 04:22:42] "GET /images/lion.svg HTTP/1.1" 200 -
127.0.0.1 - - [24/Jul/2026 04:22:42] "GET /images/tiger.svg HTTP/1.1" 200 -
127.0.0.1 - - [24/Jul/2026 04:22:42] "GET /images/zebra.svg HTTP/1.1" 200 -
127.0.0.1 - - [24/Jul/2026 04:22:42] "GET /images/bear.svg HTTP/1.1" 200 -
127.0.0.1 - - [24/Jul/2026 04:22:42] "GET /images/monkey.svg HTTP/1.1" 200 -
127.0.0.1 - - [24/Jul/2026 04:22:42] "GET /images/elephant.svg HTTP/1.1" 200 -
127.0.0.1 - - [24/Jul/2026 04:22:42] "GET /images/whale.svg HTTP/1.1" 200 -
127.0.0.1 - - [24/Jul/2026 04:22:42] "GET /images/crab.svg HTTP/1.1" 200 -
127.0.0.1 - - [24/Jul/2026 04:22:42] "GET /images/shark.svg HTTP/1.1" 200 -
127.0.0.1 - - [24/Jul/2026 04:22:42] "GET /images/octopus.svg HTTP/1.1" 200 -
127.0.0.1 - - [24/Jul/2026 04:22:42] "GET /images/dolphin.svg HTTP/1.1" 200 -
127.0.0.1 - - [24/Jul/2026 04:22:43] "GET /images/chicken.svg HTTP/1.1" 200 -
127.0.0.1 - - [24/Jul/2026 04:22:43] "GET /images/penguin.svg HTTP/1.1" 200 -
127.0.0.1 - - [24/Jul/2026 04:22:43] "GET /images/parrot.svg HTTP/1.1" 200 -
127.0.0.1 - - [24/Jul/2026 04:22:43] "GET /images/owl.svg HTTP/1.1" 200 -
127.0.0.1 - - [24/Jul/2026 04:22:43] "GET /images/eagle.svg HTTP/1.1" 200 -
127.0.0.1 - - [24/Jul/2026 04:22:43] "GET /images/ant.svg HTTP/1.1" 200 -
127.0.0.1 - - [24/Jul/2026 04:22:43] "GET /images/bee.svg HTTP/1.1" 200 -
127.0.0.1 - - [24/Jul/2026 04:22:43] "GET /images/spider.svg HTTP/1.1" 200 -
127.0.0.1 - - [24/Jul/2026 04:22:43] "GET /images/ladybug.svg HTTP/1.1" 200 -
127.0.0.1 - - [24/Jul/2026 04:22:43] "GET /images/snail.svg HTTP/1.1" 200 -
127.0.0.1 - - [24/Jul/2026 04:22:43] "GET /images/butterfly.svg HTTP/1.1" 200 -
127.0.0.1 - - [24/Jul/2026 04:22:43] "GET /images/carrot.svg HTTP/1.1" 200 -
127.0.0.1 - - [24/Jul/2026 04:22:43] "GET /images/tomato.svg HTTP/1.1" 200 -
127.0.0.1 - - [24/Jul/2026 04:22:43] "GET /images/broccoli.svg HTTP/1.1" 200 -
127.0.0.1 - - [24/Jul/2026 04:22:43] "GET /images/pepper.svg HTTP/1.1" 200 -
127.0.0.1 - - [24/Jul/2026 04:22:43] "GET /images/potato.svg HTTP/1.1" 200 -
127.0.0.1 - - [24/Jul/2026 04:22:43] "GET /images/corn.svg HTTP/1.1" 200 -
127.0.0.1 - - [24/Jul/2026 04:22:44] "GET /images/meat.svg HTTP/1.1" 200 -
127.0.0.1 - - [24/Jul/2026 04:22:44] "GET /images/cheese.svg HTTP/1.1" 200 -
127.0.0.1 - - [24/Jul/2026 04:22:44] "GET /images/rice.svg HTTP/1.1" 200 -
127.0.0.1 - - [24/Jul/2026 04:22:44] "GET /images/egg.svg HTTP/1.1" 200 -
127.0.0.1 - - [24/Jul/2026 04:22:44] "GET /images/soup.svg HTTP/1.1" 200 -
127.0.0.1 - - [24/Jul/2026 04:22:44] "GET /images/bread.svg HTTP/1.1" 200 -
127.0.0.1 - - [24/Jul/2026 04:22:44] "GET /images/juice.svg HTTP/1.1" 200 -
127.0.0.1 - - [24/Jul/2026 04:22:44] "GET /images/tea.svg HTTP/1.1" 200 -
127.0.0.1 - - [24/Jul/2026 04:22:44] "GET /images/coffee.svg HTTP/1.1" 200 -
127.0.0.1 - - [24/Jul/2026 04:22:44] "GET /images/water.svg HTTP/1.1" 200 -
127.0.0.1 - - [24/Jul/2026 04:22:44] "GET /images/soda.svg HTTP/1.1" 200 -
127.0.0.1 - - [24/Jul/2026 04:22:44] "GET /images/milk.svg HTTP/1.1" 200 -
127.0.0.1 - - [24/Jul/2026 04:22:44] "GET /images/cake.svg HTTP/1.1" 200 -
127.0.0.1 - - [24/Jul/2026 04:22:44] "GET /images/donut.svg HTTP/1.1" 200 -
127.0.0.1 - - [24/Jul/2026 04:22:44] "GET /images/ice-cream.svg HTTP/1.1" 200 -
127.0.0.1 - - [24/Jul/2026 04:22:45] "GET /images/dress.svg HTTP/1.1" 200 -
127.0.0.1 - - [24/Jul/2026 04:22:45] "GET /images/socks.svg HTTP/1.1" 200 -
127.0.0.1 - - [24/Jul/2026 04:22:45] "GET /images/hat.svg HTTP/1.1" 200 -
127.0.0.1 - - [24/Jul/2026 04:22:45] "GET /images/shoes.svg HTTP/1.1" 200 -
127.0.0.1 - - [24/Jul/2026 04:22:45] "GET /images/shirt.svg HTTP/1.1" 200 -
127.0.0.1 - - [24/Jul/2026 04:22:45] "GET /images/pants.svg HTTP/1.1" 200 -
127.0.0.1 - - [24/Jul/2026 04:22:45] "GET /images/snow.svg HTTP/1.1" 200 -
127.0.0.1 - - [24/Jul/2026 04:22:45] "GET /images/sun.svg HTTP/1.1" 200 -
127.0.0.1 - - [24/Jul/2026 04:22:45] "GET /images/rain.svg HTTP/1.1" 200 -
127.0.0.1 - - [24/Jul/2026 04:22:45] "GET /images/cloud.svg HTTP/1.1" 200 -
127.0.0.1 - - [24/Jul/2026 04:22:45] "GET /images/rainbow.svg HTTP/1.1" 200 -
127.0.0.1 - - [24/Jul/2026 04:22:45] "GET /images/wind.svg HTTP/1.1" 200 -
127.0.0.1 - - [24/Jul/2026 04:22:45] "GET /images/door.svg HTTP/1.1" 200 -
127.0.0.1 - - [24/Jul/2026 04:22:45] "GET /images/bed.svg HTTP/1.1" 200 -
127.0.0.1 - - [24/Jul/2026 04:22:45] "GET /images/chair.svg HTTP/1.1" 200 -
127.0.0.1 - - [24/Jul/2026 04:22:45] "GET /images/window.svg HTTP/1.1" 200 -
127.0.0.1 - - [24/Jul/2026 04:22:45] "GET /images/clock.svg HTTP/1.1" 200 -
127.0.0.1 - - [24/Jul/2026 04:22:45] "GET /images/house.svg HTTP/1.1" 200 -
127.0.0.1 - - [24/Jul/2026 04:22:46] "GET /images/cup.svg HTTP/1.1" 200 -
127.0.0.1 - - [24/Jul/2026 04:22:46] "GET /images/plate.svg HTTP/1.1" 200 -
127.0.0.1 - - [24/Jul/2026 04:22:46] "GET /images/pot.svg HTTP/1.1" 200 -
127.0.0.1 - - [24/Jul/2026 04:22:46] "GET /images/spoon.svg HTTP/1.1" 200 -
127.0.0.1 - - [24/Jul/2026 04:22:46] "GET /images/knife.svg HTTP/1.1" 200 -
127.0.0.1 - - [24/Jul/2026 04:22:46] "GET /images/fork.svg HTTP/1.1" 200 -
127.0.0.1 - - [24/Jul/2026 04:22:46] "GET /images/seed.svg HTTP/1.1" 200 -
127.0.0.1 - - [24/Jul/2026 04:22:46] "GET /images/leaf.svg HTTP/1.1" 200 -
127.0.0.1 - - [24/Jul/2026 04:22:46] "GET /images/grass.svg HTTP/1.1" 200 -
127.0.0.1 - - [24/Jul/2026 04:22:46] "GET /images/tree.svg HTTP/1.1" 200 -
127.0.0.1 - - [24/Jul/2026 04:22:46] "GET /images/bug.svg HTTP/1.1" 200 -
127.0.0.1 - - [24/Jul/2026 04:22:46] "GET /images/flower.svg HTTP/1.1" 200 -
127.0.0.1 - - [24/Jul/2026 04:22:46] "GET /images/fire.svg HTTP/1.1" 200 -
127.0.0.1 - - [24/Jul/2026 04:22:46] "GET /images/beach.svg HTTP/1.1" 200 -
127.0.0.1 - - [24/Jul/2026 04:22:46] "GET /images/mountain.svg HTTP/1.1" 200 -
127.0.0.1 - - [24/Jul/2026 04:22:46] "GET /images/river.svg HTTP/1.1" 200 -
127.0.0.1 - - [24/Jul/2026 04:22:46] "GET /images/sky.svg HTTP/1.1" 200 -
127.0.0.1 - - [24/Jul/2026 04:22:46] "GET /images/forest.svg HTTP/1.1" 200 -
127.0.0.1 - - [24/Jul/2026 04:22:47] "GET /images/gray.svg HTTP/1.1" 200 -
127.0.0.1 - - [24/Jul/2026 04:22:47] "GET /images/brown.svg HTTP/1.1" 200 -
127.0.0.1 - - [24/Jul/2026 04:22:47] "GET /images/white.svg HTTP/1.1" 200 -
127.0.0.1 - - [24/Jul/2026 04:22:47] "GET /images/wave.svg HTTP/1.1" 200 -
127.0.0.1 - - [24/Jul/2026 04:22:47] "GET /images/shell.svg HTTP/1.1" 200 -
127.0.0.1 - - [24/Jul/2026 04:22:47] "GET /images/boat.svg HTTP/1.1" 200 -
127.0.0.1 - - [24/Jul/2026 04:22:47] "GET /images/book.svg HTTP/1.1" 200 -
127.0.0.1 - - [24/Jul/2026 04:22:48] "GET /images/crayon.svg HTTP/1.1" 200 -
127.0.0.1 - - [24/Jul/2026 04:22:48] "GET /images/bag.svg HTTP/1.1" 200 -
127.0.0.1 - - [24/Jul/2026 04:22:48] "GET /images/pencil.svg HTTP/1.1" 200 -
127.0.0.1 - - [24/Jul/2026 04:22:48] "GET /images/pen.svg HTTP/1.1" 200 -
127.0.0.1 - - [24/Jul/2026 04:22:48] "GET /images/ruler.svg HTTP/1.1" 200 -
127.0.0.1 - - [24/Jul/2026 04:22:48] "GET /images/school.svg HTTP/1.1" 200 -
127.0.0.1 - - [24/Jul/2026 04:22:48] "GET /images/board.svg HTTP/1.1" 200 -
127.0.0.1 - - [24/Jul/2026 04:22:48] "GET /images/student.svg HTTP/1.1" 200 -
127.0.0.1 - - [24/Jul/2026 04:22:48] "GET /images/teacher.svg HTTP/1.1" 200 -
127.0.0.1 - - [24/Jul/2026 04:22:48] "GET /images/desk.svg HTTP/1.1" 200 -
127.0.0.1 - - [24/Jul/2026 04:22:48] "GET /images/sleepy.svg HTTP/1.1" 200 -
127.0.0.1 - - [24/Jul/2026 04:22:48] "GET /images/scared.svg HTTP/1.1" 200 -
127.0.0.1 - - [24/Jul/2026 04:22:48] "GET /images/sad.svg HTTP/1.1" 200 -
127.0.0.1 - - [24/Jul/2026 04:22:48] "GET /images/happy.svg HTTP/1.1" 200 -
127.0.0.1 - - [24/Jul/2026 04:22:48] "GET /images/surprised.svg HTTP/1.1" 200 -
127.0.0.1 - - [24/Jul/2026 04:22:48] "GET /images/swim.svg HTTP/1.1" 200 -
127.0.0.1 - - [24/Jul/2026 04:22:48] "GET /images/walk.svg HTTP/1.1" 200 -
127.0.0.1 - - [24/Jul/2026 04:22:49] "GET /images/jump.svg HTTP/1.1" 200 -
127.0.0.1 - - [24/Jul/2026 04:22:49] "GET /images/climb.svg HTTP/1.1" 200 -
127.0.0.1 - - [24/Jul/2026 04:22:49] "GET /images/dance.svg HTTP/1.1" 200 -
127.0.0.1 - - [24/Jul/2026 04:22:49] "GET /images/run.svg HTTP/1.1" 200 -
127.0.0.1 - - [24/Jul/2026 04:22:49] "GET /images/koala.svg HTTP/1.1" 200 -
127.0.0.1 - - [24/Jul/2026 04:22:49] "GET /images/kangaroo.svg HTTP/1.1" 200 -
127.0.0.1 - - [24/Jul/2026 04:22:49] "GET /images/camel.svg HTTP/1.1" 200 -
127.0.0.1 - - [24/Jul/2026 04:22:49] "GET /images/panda.svg HTTP/1.1" 200 -
127.0.0.1 - - [24/Jul/2026 04:22:49] "GET /images/hippo.svg HTTP/1.1" 200 -
127.0.0.1 - - [24/Jul/2026 04:22:49] "GET /images/giraffe.svg HTTP/1.1" 200 -
127.0.0.1 - - [24/Jul/2026 04:22:49] "GET /images/bike.svg HTTP/1.1" 200 -
127.0.0.1 - - [24/Jul/2026 04:22:49] "GET /images/guitar.svg HTTP/1.1" 200 -
127.0.0.1 - - [24/Jul/2026 04:22:49] "GET /images/game.svg HTTP/1.1" 200 -
127.0.0.1 - - [24/Jul/2026 04:22:49] "GET /images/puzzle.svg HTTP/1.1" 200 -
127.0.0.1 - - [24/Jul/2026 04:22:49] "GET /images/sandwich.svg HTTP/1.1" 200 -
127.0.0.1 - - [24/Jul/2026 04:22:49] "GET /images/burger.svg HTTP/1.1" 200 -
127.0.0.1 - - [24/Jul/2026 04:22:49] "GET /images/pizza.svg HTTP/1.1" 200 -
127.0.0.1 - - [24/Jul/2026 04:22:49] "GET /images/pasta.svg HTTP/1.1" 200 -
127.0.0.1 - - [24/Jul/2026 04:22:49] "GET /images/fries.svg HTTP/1.1" 200 -
127.0.0.1 - - [24/Jul/2026 04:22:50] "GET /images/salad.svg HTTP/1.1" 200 -
127.0.0.1 - - [24/Jul/2026 04:22:50] "GET /images/sleep.svg HTTP/1.1" 200 -
127.0.0.1 - - [24/Jul/2026 04:22:50] "GET /images/read.svg HTTP/1.1" 200 -
127.0.0.1 - - [24/Jul/2026 04:22:50] "GET /images/wake.svg HTTP/1.1" 200 -
127.0.0.1 - - [24/Jul/2026 04:22:50] "GET /images/wash.svg HTTP/1.1" 200 -
127.0.0.1 - - [24/Jul/2026 04:22:50] "GET /images/eat.svg HTTP/1.1" 200 -
127.0.0.1 - - [24/Jul/2026 04:22:50] "GET /images/play.svg HTTP/1.1" 200 -
127.0.0.1 - - [24/Jul/2026 04:22:50] "GET /images/evening.svg HTTP/1.1" 200 -
127.0.0.1 - - [24/Jul/2026 04:22:50] "GET /images/morning.svg HTTP/1.1" 200 -
127.0.0.1 - - [24/Jul/2026 04:22:50] "GET /images/afternoon.svg HTTP/1.1" 200 -
127.0.0.1 - - [24/Jul/2026 04:22:50] "GET /images/night.svg HTTP/1.1" 200 -
127.0.0.1 - - [24/Jul/2026 04:22:50] "GET /images/watch.svg HTTP/1.1" 200 -
127.0.0.1 - - [24/Jul/2026 04:22:50] "GET /images/autumn.svg HTTP/1.1" 200 -
127.0.0.1 - - [24/Jul/2026 04:22:50] "GET /images/summer.svg HTTP/1.1" 200 -
127.0.0.1 - - [24/Jul/2026 04:22:50] "GET /images/spring.svg HTTP/1.1" 200 -
127.0.0.1 - - [24/Jul/2026 04:22:50] "GET /images/winter.svg HTTP/1.1" 200 -
127.0.0.1 - - [24/Jul/2026 04:22:50] "GET /images/snow-seasons.svg HTTP/1.1" 
200 -
127.0.0.1 - - [24/Jul/2026 04:22:51] "GET /images/boots.svg HTTP/1.1" 200 -
127.0.0.1 - - [24/Jul/2026 04:22:51] "GET /images/map.svg HTTP/1.1" 200 -
127.0.0.1 - - [24/Jul/2026 04:22:51] "GET /images/torch.svg HTTP/1.1" 200 -
127.0.0.1 - - [24/Jul/2026 04:22:51] "GET /images/tent.svg HTTP/1.1" 200 -
127.0.0.1 - - [24/Jul/2026 04:22:51] "GET /images/backpack.svg HTTP/1.1" 200 -
127.0.0.1 - - [24/Jul/2026 04:22:51] "GET /images/fast.svg HTTP/1.1" 200 -
127.0.0.1 - - [24/Jul/2026 04:22:51] "GET /images/small.svg HTTP/1.1" 200 -
127.0.0.1 - - [24/Jul/2026 04:22:51] "GET /images/slow.svg HTTP/1.1" 200 -
127.0.0.1 - - [24/Jul/2026 04:22:51] "GET /images/cold.svg HTTP/1.1" 200 -
127.0.0.1 - - [24/Jul/2026 04:22:51] "GET /images/big.svg HTTP/1.1" 200 -
127.0.0.1 - - [24/Jul/2026 04:22:51] "GET /images/hot.svg HTTP/1.1" 200 -
127.0.0.1 - - [24/Jul/2026 04:22:52] "GET /images/bus.svg HTTP/1.1" 200 -
127.0.0.1 - - [24/Jul/2026 04:22:52] "GET /images/plane.svg HTTP/1.1" 200 -
127.0.0.1 - - [24/Jul/2026 04:22:52] "GET /images/train.svg HTTP/1.1" 200 -
127.0.0.1 - - [24/Jul/2026 04:22:52] "GET /images/castle.svg HTTP/1.1" 200 -
127.0.0.1 - - [24/Jul/2026 04:22:52] "GET /images/hospital.svg HTTP/1.1" 200 -
127.0.0.1 - - [24/Jul/2026 04:22:52] "GET /images/park.svg HTTP/1.1" 200 -
127.0.0.1 - - [24/Jul/2026 04:22:52] "GET /images/shop.svg HTTP/1.1" 200 -
127.0.0.1 - - [24/Jul/2026 04:22:52] "GET /images/alarm.svg HTTP/1.1" 200 -
127.0.0.1 - - [24/Jul/2026 04:22:52] "GET /images/calendar.svg HTTP/1.1" 200 -
127.0.0.1 - - [24/Jul/2026 04:22:52] "GET /images/day.svg HTTP/1.1" 200 -
127.0.0.1 - - [24/Jul/2026 04:22:53] "GET /images/home.svg HTTP/1.1" 200 -
127.0.0.1 - - [24/Jul/2026 04:22:53] "GET /images/hungry.svg HTTP/1.1" 200 -
127.0.0.1 - - [24/Jul/2026 04:22:53] "GET /images/love.svg HTTP/1.1" 200 -
127.0.0.1 - - [24/Jul/2026 04:22:53] "GET /images/thirsty.svg HTTP/1.1" 200 -
127.0.0.1 - - [24/Jul/2026 04:22:53] "GET /images/excited.svg HTTP/1.1" 200 -
127.0.0.1 - - [24/Jul/2026 04:22:53] "GET /images/bored.svg HTTP/1.1" 200 -
127.0.0.1 - - [24/Jul/2026 04:22:53] "GET /images/tired.svg HTTP/1.1" 200 -
127.0.0.1 - - [24/Jul/2026 04:22:53] "GET /images/sunny.svg HTTP/1.1" 200 -
127.0.0.1 - - [24/Jul/2026 04:22:53] "GET /images/stormy.svg HTTP/1.1" 200 -
127.0.0.1 - - [24/Jul/2026 04:22:53] "GET /images/rainy.svg HTTP/1.1" 200 -
127.0.0.1 - - [24/Jul/2026 04:22:53] "GET /images/snowy.svg HTTP/1.1" 200 -
127.0.0.1 - - [24/Jul/2026 04:22:53] "GET /images/cloudy.svg HTTP/1.1" 200 -
127.0.0.1 - - [24/Jul/2026 04:22:53] "GET /images/windy.svg HTTP/1.1" 200 -
127.0.0.1 - - [24/Jul/2026 04:22:54] "GET /images/road.svg HTTP/1.1" 200 -
127.0.0.1 - - [24/Jul/2026 04:22:54] "GET /images/light.svg HTTP/1.1" 200 -
127.0.0.1 - - [24/Jul/2026 04:22:54] "GET /images/pilot.svg HTTP/1.1" 200 -
127.0.0.1 - - [24/Jul/2026 04:22:54] "GET /images/police.svg HTTP/1.1" 200 -
127.0.0.1 - - [24/Jul/2026 04:22:54] "GET /images/farmer.svg HTTP/1.1" 200 -
127.0.0.1 - - [24/Jul/2026 04:22:54] "GET /images/doctor.svg HTTP/1.1" 200 -
127.0.0.1 - - [24/Jul/2026 04:22:54] "GET /images/chef.svg HTTP/1.1" 200 -
127.0.0.1 - - [24/Jul/2026 04:22:54] "GET /images/running.svg HTTP/1.1" 200 -
127.0.0.1 - - [24/Jul/2026 04:22:54] "GET /images/tennis.svg HTTP/1.1" 200 -
127.0.0.1 - - [24/Jul/2026 04:22:54] "GET /images/basketball.svg HTTP/1.1" 200 
-
127.0.0.1 - - [24/Jul/2026 04:22:54] "GET /images/soccer.svg HTTP/1.1" 200 -
127.0.0.1 - - [24/Jul/2026 04:22:54] "GET /images/swimming.svg HTTP/1.1" 200 -
127.0.0.1 - - [24/Jul/2026 04:22:54] "GET /images/baseball.svg HTTP/1.1" 200 -
127.0.0.1 - - [24/Jul/2026 04:22:55] "GET /images/trumpet.svg HTTP/1.1" 200 -
127.0.0.1 - - [24/Jul/2026 04:22:55] "GET /images/violin.svg HTTP/1.1" 200 -
127.0.0.1 - - [24/Jul/2026 04:22:55] "GET /images/drums.svg HTTP/1.1" 200 -
127.0.0.1 - - [24/Jul/2026 04:22:55] "GET /images/microphone.svg HTTP/1.1" 200 
-
127.0.0.1 - - [24/Jul/2026 04:22:55] "GET /images/piano.svg HTTP/1.1" 200 -
127.0.0.1 - - [24/Jul/2026 04:22:55] "GET /images/rocket.svg HTTP/1.1" 200 -
127.0.0.1 - - [24/Jul/2026 04:22:55] "GET /images/planet.svg HTTP/1.1" 200 -
127.0.0.1 - - [24/Jul/2026 04:22:55] "GET /images/astronaut.svg HTTP/1.1" 200 -
127.0.0.1 - - [24/Jul/2026 04:22:55] "GET /images/helicopter.svg HTTP/1.1" 200 
-
127.0.0.1 - - [24/Jul/2026 04:22:55] "GET /images/taxi.svg HTTP/1.1" 200 -
127.0.0.1 - - [24/Jul/2026 04:22:55] "GET /images/motorbike.svg HTTP/1.1" 200 -
127.0.0.1 - - [24/Jul/2026 04:22:55] "GET /images/ship.svg HTTP/1.1" 200 -
127.0.0.1 - - [24/Jul/2026 04:22:55] "GET /images/tractor.svg HTTP/1.1" 200 -
127.0.0.1 - - [24/Jul/2026 04:22:55] "GET /images/truck.svg HTTP/1.1" 200 -
127.0.0.1 - - [24/Jul/2026 04:22:55] "GET /images/lightning.svg HTTP/1.1" 200 -
127.0.0.1 - - [24/Jul/2026 04:22:56] "GET /images/tornado.svg HTTP/1.1" 200 -
127.0.0.1 - - [24/Jul/2026 04:22:56] "GET /images/fog.svg HTTP/1.1" 200 -
127.0.0.1 - - [24/Jul/2026 04:22:56] "GET /images/storm.svg HTTP/1.1" 200 -
127.0.0.1 - - [24/Jul/2026 04:22:56] "GET /images/nervous.svg HTTP/1.1" 200 -
127.0.0.1 - - [24/Jul/2026 04:22:56] "GET /images/silly.svg HTTP/1.1" 200 -
127.0.0.1 - - [24/Jul/2026 04:22:56] "GET /images/proud.svg HTTP/1.1" 200 -
127.0.0.1 - - [24/Jul/2026 04:22:56] "GET /images/shy.svg HTTP/1.1" 200 -
127.0.0.1 - - [24/Jul/2026 04:22:56] "GET /images/bedroom.svg HTTP/1.1" 200 -
127.0.0.1 - - [24/Jul/2026 04:22:56] "GET /images/sofa.svg HTTP/1.1" 200 -
127.0.0.1 - - [24/Jul/2026 04:22:56] "GET /images/bathroom.svg HTTP/1.1" 200 -
127.0.0.1 - - [24/Jul/2026 04:22:56] "GET /images/garden.svg HTTP/1.1" 200 -
127.0.0.1 - - [24/Jul/2026 04:22:56] "GET /images/kitchen.svg HTTP/1.1" 200 -
127.0.0.1 - - [24/Jul/2026 04:22:56] "GET /images/garage.svg HTTP/1.1" 200 -
127.0.0.1 - - [24/Jul/2026 04:22:56] "GET /images/money.svg HTTP/1.1" 200 -
127.0.0.1 - - [24/Jul/2026 04:22:56] "GET /images/card.svg HTTP/1.1" 200 -
127.0.0.1 - - [24/Jul/2026 04:22:56] "GET /images/bag-shopping.svg HTTP/1.1" 
200 -
127.0.0.1 - - [24/Jul/2026 04:22:56] "GET /images/gift.svg HTTP/1.1" 200 -
127.0.0.1 - - [24/Jul/2026 04:22:56] "GET /images/coin.svg HTTP/1.1" 200 -
127.0.0.1 - - [24/Jul/2026 04:22:57] "GET /images/medicine.svg HTTP/1.1" 200 -
127.0.0.1 - - [24/Jul/2026 04:22:57] "GET /images/tooth.svg HTTP/1.1" 200 -
127.0.0.1 - - [24/Jul/2026 04:22:57] "GET /images/bandage.svg HTTP/1.1" 200 -
127.0.0.1 - - [24/Jul/2026 04:22:57] "GET /images/sick.svg HTTP/1.1" 200 -
127.0.0.1 - - [24/Jul/2026 04:22:57] "GET /images/cake-party-time.svg 
HTTP/1.1" 200 -
127.0.0.1 - - [24/Jul/2026 04:22:57] "GET /images/candle.svg HTTP/1.1" 200 -
127.0.0.1 - - [24/Jul/2026 04:22:57] "GET /images/music.svg HTTP/1.1" 200 -
127.0.0.1 - - [24/Jul/2026 04:22:57] "GET /images/balloon.svg HTTP/1.1" 200 -
127.0.0.1 - - [24/Jul/2026 04:22:57] "GET /images/party.svg HTTP/1.1" 200 -
127.0.0.1 - - [24/Jul/2026 04:22:57] "GET /images/sand.svg HTTP/1.1" 200 -
127.0.0.1 - - [24/Jul/2026 04:22:58] "GET /images/island.svg HTTP/1.1" 200 -
127.0.0.1 - - [24/Jul/2026 04:22:58] "GET /images/peach.svg HTTP/1.1" 200 -
127.0.0.1 - - [24/Jul/2026 04:22:58] "GET /images/pineapple.svg HTTP/1.1" 200 -
127.0.0.1 - - [24/Jul/2026 04:22:58] "GET /images/mango.svg HTTP/1.1" 200 -
127.0.0.1 - - [24/Jul/2026 04:22:58] "GET /images/lemon.svg HTTP/1.1" 200 -
127.0.0.1 - - [24/Jul/2026 04:22:58] "GET /images/cherry.svg HTTP/1.1" 200 -
127.0.0.1 - - [24/Jul/2026 04:22:58] "GET /images/kiwi.svg HTTP/1.1" 200 -
127.0.0.1 - - [24/Jul/2026 04:22:58] "GET /images/onion.svg HTTP/1.1" 200 -
127.0.0.1 - - [24/Jul/2026 04:22:58] "GET /images/lettuce.svg HTTP/1.1" 200 -
127.0.0.1 - - [24/Jul/2026 04:22:58] "GET /images/mushroom.svg HTTP/1.1" 200 -
127.0.0.1 - - [24/Jul/2026 04:22:58] "GET /images/cucumber.svg HTTP/1.1" 200 -
127.0.0.1 - - [24/Jul/2026 04:22:58] "GET /images/garlic.svg HTTP/1.1" 200 -
127.0.0.1 - - [24/Jul/2026 04:22:58] "GET /images/eggplant.svg HTTP/1.1" 200 -
127.0.0.1 - - [24/Jul/2026 04:22:58] "GET /images/hedgehog.svg HTTP/1.1" 200 -
127.0.0.1 - - [24/Jul/2026 04:22:58] "GET /images/bat.svg HTTP/1.1" 200 -
127.0.0.1 - - [24/Jul/2026 04:22:58] "GET /images/deer.svg HTTP/1.1" 200 -
127.0.0.1 - - [24/Jul/2026 04:22:58] "GET /images/wolf.svg HTTP/1.1" 200 -
127.0.0.1 - - [24/Jul/2026 04:22:58] "GET /images/fox.svg HTTP/1.1" 200 -
127.0.0.1 - - [24/Jul/2026 04:22:58] "GET /images/raccoon.svg HTTP/1.1" 200 -
127.0.0.1 - - [24/Jul/2026 04:22:59] "GET /images/llama.svg HTTP/1.1" 200 -
127.0.0.1 - - [24/Jul/2026 04:22:59] "GET /images/rooster.svg HTTP/1.1" 200 -
127.0.0.1 - - [24/Jul/2026 04:22:59] "GET /images/turkey.svg HTTP/1.1" 200 -
127.0.0.1 - - [24/Jul/2026 04:22:59] "GET /images/goat.svg HTTP/1.1" 200 -
127.0.0.1 - - [24/Jul/2026 04:22:59] "GET /images/luggage.svg HTTP/1.1" 200 -
127.0.0.1 - - [24/Jul/2026 04:22:59] "GET /images/camera.svg HTTP/1.1" 200 -
127.0.0.1 - - [24/Jul/2026 04:22:59] "GET /images/flag.svg HTTP/1.1" 200 -
127.0.0.1 - - [24/Jul/2026 04:22:59] "GET /images/globe.svg HTTP/1.1" 200 -
127.0.0.1 - - [24/Jul/2026 04:22:59] "GET /images/shocked.svg HTTP/1.1" 200 -
127.0.0.1 - - [24/Jul/2026 04:22:59] "GET /images/sleepy-feeling-faces.svg 
HTTP/1.1" 200 -
127.0.0.1 - - [24/Jul/2026 04:22:59] "GET /images/frown.svg HTTP/1.1" 200 -
127.0.0.1 - - [24/Jul/2026 04:23:00] "GET /images/sunflower.svg HTTP/1.1" 200 -
127.0.0.1 - - [24/Jul/2026 04:23:00] "GET /images/turtle.svg HTTP/1.1" 200 -
127.0.0.1 - - [24/Jul/2026 04:23:00] "GET /images/lizard.svg HTTP/1.1" 200 -
127.0.0.1 - - [24/Jul/2026 04:23:00] "GET /images/frog.svg HTTP/1.1" 200 -
127.0.0.1 - - [24/Jul/2026 04:23:00] "GET /images/dinosaur.svg HTTP/1.1" 200 -
127.0.0.1 - - [24/Jul/2026 04:23:00] "GET /images/snake.svg HTTP/1.1" 200 -
127.0.0.1 - - [24/Jul/2026 04:23:00] "GET /images/crocodile.svg HTTP/1.1" 200 -
127.0.0.1 - - [24/Jul/2026 04:23:00] "GET /images/cave.svg HTTP/1.1" 200 -
127.0.0.1 - - [24/Jul/2026 04:23:00] "GET /images/volcano.svg HTTP/1.1" 200 -
127.0.0.1 - - [24/Jul/2026 04:23:00] "GET /images/ocean.svg HTTP/1.1" 200 -
127.0.0.1 - - [24/Jul/2026 04:23:00] "GET /images/desert.svg HTTP/1.1" 200 -
127.0.0.1 - - [24/Jul/2026 04:23:00] "GET /images/waterfall.svg HTTP/1.1" 200 -
127.0.0.1 - - [24/Jul/2026 04:23:01] "GET /images/sunset.svg HTTP/1.1" 200 -
127.0.0.1 - - [24/Jul/2026 04:23:01] "GET /images/stars.svg HTTP/1.1" 200 -
127.0.0.1 - - [24/Jul/2026 04:23:01] "GET /images/sunrise.svg HTTP/1.1" 200 -
127.0.0.1 - - [24/Jul/2026 04:23:01] "GET /images/snowflake.svg HTTP/1.1" 200 -
127.0.0.1 - - [24/Jul/2026 04:23:01] "GET /images/computer.svg HTTP/1.1" 200 -
127.0.0.1 - - [24/Jul/2026 04:23:01] "GET /images/robot.svg HTTP/1.1" 200 -
127.0.0.1 - - [24/Jul/2026 04:23:01] "GET /images/phone.svg HTTP/1.1" 200 -
127.0.0.1 - - [24/Jul/2026 04:23:01] "GET /images/tv.svg HTTP/1.1" 200 -
127.0.0.1 - - [24/Jul/2026 04:23:01] "GET /images/sport.svg HTTP/1.1" 200 -
127.0.0.1 - - [24/Jul/2026 04:23:01] "GET /images/art.svg HTTP/1.1" 200 -
127.0.0.1 - - [24/Jul/2026 04:23:01] "GET /images/reading.svg HTTP/1.1" 200 -
127.0.0.1 - - [24/Jul/2026 04:23:01] "GET /images/science.svg HTTP/1.1" 200 -
127.0.0.1 - - [24/Jul/2026 04:23:01] "GET /images/math.svg HTTP/1.1" 200 -
127.0.0.1 - - [24/Jul/2026 04:23:02] "GET /images/tie.svg HTTP/1.1" 200 -
127.0.0.1 - - [24/Jul/2026 04:23:02] "GET /images/gloves.svg HTTP/1.1" 200 -
127.0.0.1 - - [24/Jul/2026 04:23:02] "GET /images/coat.svg HTTP/1.1" 200 -
127.0.0.1 - - [24/Jul/2026 04:23:02] "GET /images/scarf.svg HTTP/1.1" 200 -
127.0.0.1 - - [24/Jul/2026 04:23:02] "GET /images/cap.svg HTTP/1.1" 200 -
127.0.0.1 - - [24/Jul/2026 04:23:02] "GET /images/firefighter.svg HTTP/1.1" 
200 -
127.0.0.1 - - [24/Jul/2026 04:23:02] "GET /images/artist.svg HTTP/1.1" 200 -
127.0.0.1 - - [24/Jul/2026 04:23:02] "GET /images/singer.svg HTTP/1.1" 200 -
127.0.0.1 - - [24/Jul/2026 04:23:02] "GET /images/scientist.svg HTTP/1.1" 200 -
127.0.0.1 - - [24/Jul/2026 04:23:02] "GET /images/builder.svg HTTP/1.1" 200 -
127.0.0.1 - - [24/Jul/2026 04:23:02] "GET /images/taco.svg HTTP/1.1" 200 -
127.0.0.1 - - [24/Jul/2026 04:23:02] "GET /images/noodles.svg HTTP/1.1" 200 -
127.0.0.1 - - [24/Jul/2026 04:23:02] "GET /images/pancake.svg HTTP/1.1" 200 -
127.0.0.1 - - [24/Jul/2026 04:23:02] "GET /images/pretzel.svg HTTP/1.1" 200 -
127.0.0.1 - - [24/Jul/2026 04:23:02] "GET /images/sushi.svg HTTP/1.1" 200 -
127.0.0.1 - - [24/Jul/2026 04:23:03] "GET /images/milkshake.svg HTTP/1.1" 200 -
127.0.0.1 - - [24/Jul/2026 04:23:03] "GET /images/smoothie.svg HTTP/1.1" 200 -
127.0.0.1 - - [24/Jul/2026 04:23:03] "GET /images/lemonade.svg HTTP/1.1" 200 -
127.0.0.1 - - [24/Jul/2026 04:23:03] "GET /images/witch.svg HTTP/1.1" 200 -
127.0.0.1 - - [24/Jul/2026 04:23:03] "GET /images/ghost.svg HTTP/1.1" 200 -
127.0.0.1 - - [24/Jul/2026 04:23:03] "GET /images/skeleton.svg HTTP/1.1" 200 -
127.0.0.1 - - [24/Jul/2026 04:23:03] "GET /images/pumpkin.svg HTTP/1.1" 200 -
127.0.0.1 - - [24/Jul/2026 04:23:03] "GET /images/santa.svg HTTP/1.1" 200 -
127.0.0.1 - - [24/Jul/2026 04:23:03] "GET /images/snowman.svg HTTP/1.1" 200 -
127.0.0.1 - - [24/Jul/2026 04:23:03] "GET /images/tree-christmas.svg HTTP/1.1" 
200 -
127.0.0.1 - - [24/Jul/2026 04:23:03] "GET /images/bell.svg HTTP/1.1" 200 -
127.0.0.1 - - [24/Jul/2026 04:23:04] "GET /images/sandcastle.svg HTTP/1.1" 200 
-
127.0.0.1 - - [24/Jul/2026 04:23:04] "GET /images/umbrella.svg HTTP/1.1" 200 -
127.0.0.1 - - [24/Jul/2026 04:23:04] "GET /images/scooter.svg HTTP/1.1" 200 -
127.0.0.1 - - [24/Jul/2026 04:23:04] "GET /images/subway.svg HTTP/1.1" 200 -
127.0.0.1 - - [24/Jul/2026 04:23:04] "GET /images/ambulance.svg HTTP/1.1" 200 -
127.0.0.1 - - [24/Jul/2026 04:23:04] "GET /images/fire-truck.svg HTTP/1.1" 200 
-
127.0.0.1 - - [24/Jul/2026 04:23:04] "GET /images/police-car.svg HTTP/1.1" 200 
-
127.0.0.1 - - [24/Jul/2026 04:23:04] "GET /images/skateboard.svg HTTP/1.1" 200 
-
127.0.0.1 - - [24/Jul/2026 04:23:04] "GET /images/blueberry.svg HTTP/1.1" 200 -
127.0.0.1 - - [24/Jul/2026 04:23:04] "GET /images/coconut.svg HTTP/1.1" 200 -
127.0.0.1 - - [24/Jul/2026 04:23:04] "GET /images/pear.svg HTTP/1.1" 200 -
127.0.0.1 - - [24/Jul/2026 04:23:04] "GET /images/avocado.svg HTTP/1.1" 200 -
127.0.0.1 - - [24/Jul/2026 04:23:05] "GET /images/king.svg HTTP/1.1" 200 -
127.0.0.1 - - [24/Jul/2026 04:23:05] "GET /images/crown.svg HTTP/1.1" 200 -
127.0.0.1 - - [24/Jul/2026 04:23:05] "GET /images/prince.svg HTTP/1.1" 200 -
127.0.0.1 - - [24/Jul/2026 04:23:05] "GET /images/knight.svg HTTP/1.1" 200 -
127.0.0.1 - - [24/Jul/2026 04:23:05] "GET /images/guard.svg HTTP/1.1" 200 -
127.0.0.1 - - [24/Jul/2026 04:23:05] "GET /images/queen.svg HTTP/1.1" 200 -
127.0.0.1 - - [24/Jul/2026 04:23:05] "GET /images/compass.svg HTTP/1.1" 200 -
127.0.0.1 - - [24/Jul/2026 04:23:05] "GET /images/flashlight.svg HTTP/1.1" 200 
-
127.0.0.1 - - [24/Jul/2026 04:23:05] "GET /images/honey.svg HTTP/1.1" 200 -
127.0.0.1 - - [24/Jul/2026 04:23:05] "GET /images/pudding.svg HTTP/1.1" 200 -
127.0.0.1 - - [24/Jul/2026 04:23:05] "GET /images/waffle.svg HTTP/1.1" 200 -
127.0.0.1 - - [24/Jul/2026 04:23:05] "GET /images/pie.svg HTTP/1.1" 200 -
127.0.0.1 - - [24/Jul/2026 04:23:05] "GET /images/saw.svg HTTP/1.1" 200 -
127.0.0.1 - - [24/Jul/2026 04:23:06] "GET /images/screwdriver.svg HTTP/1.1" 
200 -
127.0.0.1 - - [24/Jul/2026 04:23:06] "GET /images/wrench.svg HTTP/1.1" 200 -
127.0.0.1 - - [24/Jul/2026 04:23:06] "GET /images/hammer.svg HTTP/1.1" 200 -
127.0.0.1 - - [24/Jul/2026 04:23:06] "GET /images/pin.svg HTTP/1.1" 200 -
127.0.0.1 - - [24/Jul/2026 04:23:06] "GET /images/headphones.svg HTTP/1.1" 200 
-
127.0.0.1 - - [24/Jul/2026 04:23:06] "GET /images/speaker.svg HTTP/1.1" 200 -
127.0.0.1 - - [24/Jul/2026 04:23:06] "GET /images/note.svg HTTP/1.1" 200 -
127.0.0.1 - - [24/Jul/2026 04:23:06] "GET /images/saxophone.svg HTTP/1.1" 200 -
127.0.0.1 - - [24/Jul/2026 04:23:06] "GET /images/boxing.svg HTTP/1.1" 200 -
127.0.0.1 - - [24/Jul/2026 04:23:06] "GET /images/skiing.svg HTTP/1.1" 200 -
127.0.0.1 - - [24/Jul/2026 04:23:06] "GET /images/golf.svg HTTP/1.1" 200 -
127.0.0.1 - - [24/Jul/2026 04:23:06] "GET /images/skating.svg HTTP/1.1" 200 -
127.0.0.1 - - [24/Jul/2026 04:23:06] "GET /images/surfing.svg HTTP/1.1" 200 -
127.0.0.1 - - [24/Jul/2026 04:23:06] "GET /images/cycling.svg HTTP/1.1" 200 -
127.0.0.1 - - [24/Jul/2026 04:23:06] "GET /images/sloth.svg HTTP/1.1" 200 -
127.0.0.1 - - [24/Jul/2026 04:23:07] "GET /images/otter.svg HTTP/1.1" 200 -
127.0.0.1 - - [24/Jul/2026 04:23:07] "GET /images/gorilla.svg HTTP/1.1" 200 -
127.0.0.1 - - [24/Jul/2026 04:23:07] "GET /images/rhino.svg HTTP/1.1" 200 -
127.0.0.1 - - [24/Jul/2026 04:23:07] "GET /images/peacock.svg HTTP/1.1" 200 -
127.0.0.1 - - [24/Jul/2026 04:23:07] "GET /images/flamingo.svg HTTP/1.1" 200 -
127.0.0.1 - - [24/Jul/2026 04:23:07] "GET /images/bunny.svg HTTP/1.1" 200 -
127.0.0.1 - - [24/Jul/2026 04:23:07] "GET /images/chick.svg HTTP/1.1" 200 -
127.0.0.1 - - [24/Jul/2026 04:23:07] "GET /images/puppy.svg HTTP/1.1" 200 -
127.0.0.1 - - [24/Jul/2026 04:23:07] "GET /images/duckling.svg HTTP/1.1" 200 -
127.0.0.1 - - [24/Jul/2026 04:23:07] "GET /images/piglet.svg HTTP/1.1" 200 -
127.0.0.1 - - [24/Jul/2026 04:23:07] "GET /images/kitten.svg HTTP/1.1" 200 -
127.0.0.1 - - [24/Jul/2026 04:23:07] "GET /images/seal.svg HTTP/1.1" 200 -
127.0.0.1 - - [24/Jul/2026 04:23:07] "GET /images/jellyfish.svg HTTP/1.1" 200 -
127.0.0.1 - - [24/Jul/2026 04:23:07] "GET /images/shrimp.svg HTTP/1.1" 200 -
127.0.0.1 - - [24/Jul/2026 04:23:07] "GET /images/lobster.svg HTTP/1.1" 200 -
127.0.0.1 - - [24/Jul/2026 04:23:07] "GET /images/squid.svg HTTP/1.1" 200 -
127.0.0.1 - - [24/Jul/2026 04:23:07] "GET /images/beetle.svg HTTP/1.1" 200 -
127.0.0.1 - - [24/Jul/2026 04:23:07] "GET /images/worm.svg HTTP/1.1" 200 -
127.0.0.1 - - [24/Jul/2026 04:23:08] "GET /images/fly.svg HTTP/1.1" 200 -
127.0.0.1 - - [24/Jul/2026 04:23:08] "GET /images/grasshopper.svg HTTP/1.1" 
200 -
127.0.0.1 - - [24/Jul/2026 04:23:08] "GET /images/mosquito.svg HTTP/1.1" 200 -
127.0.0.1 - - [24/Jul/2026 04:23:08] "GET /images/cricket.svg HTTP/1.1" 200 -
127.0.0.1 - - [24/Jul/2026 04:23:08] "GET /images/t-rex.svg HTTP/1.1" 200 -
127.0.0.1 - - [24/Jul/2026 04:23:08] "GET /images/dragon.svg HTTP/1.1" 200 -
127.0.0.1 - - [24/Jul/2026 04:23:08] "GET /images/bone.svg HTTP/1.1" 200 -
127.0.0.1 - - [24/Jul/2026 04:23:08] "GET /images/wizard.svg HTTP/1.1" 200 -
127.0.0.1 - - [24/Jul/2026 04:23:08] "GET /images/unicorn.svg HTTP/1.1" 200 -
127.0.0.1 - - [24/Jul/2026 04:23:08] "GET /images/fairy.svg HTTP/1.1" 200 -
127.0.0.1 - - [24/Jul/2026 04:23:08] "GET /images/magic.svg HTTP/1.1" 200 -
127.0.0.1 - - [24/Jul/2026 04:23:08] "GET /images/church.svg HTTP/1.1" 200 -
127.0.0.1 - - [24/Jul/2026 04:23:08] "GET /images/factory.svg HTTP/1.1" 200 -
127.0.0.1 - - [24/Jul/2026 04:23:08] "GET /images/tower.svg HTTP/1.1" 200 -
127.0.0.1 - - [24/Jul/2026 04:23:08] "GET /images/stadium.svg HTTP/1.1" 200 -
127.0.0.1 - - [24/Jul/2026 04:23:09] "GET /images/saturn.svg HTTP/1.1" 200 -
127.0.0.1 - - [24/Jul/2026 04:23:09] "GET /images/telescope.svg HTTP/1.1" 200 -
127.0.0.1 - - [24/Jul/2026 04:23:09] "GET /images/galaxy.svg HTTP/1.1" 200 -
127.0.0.1 - - [24/Jul/2026 04:23:09] "GET /images/earth.svg HTTP/1.1" 200 -
127.0.0.1 - - [24/Jul/2026 04:23:09] "GET /images/ufo.svg HTTP/1.1" 200 -
127.0.0.1 - - [24/Jul/2026 04:23:09] "GET /images/dinner.svg HTTP/1.1" 200 -
127.0.0.1 - - [24/Jul/2026 04:23:09] "GET /images/fruit.svg HTTP/1.1" 200 -
127.0.0.1 - - [24/Jul/2026 04:23:09] "GET /images/lunch.svg HTTP/1.1" 200 -
127.0.0.1 - - [24/Jul/2026 04:23:09] "GET /images/breakfast.svg HTTP/1.1" 200 -
127.0.0.1 - - [24/Jul/2026 04:23:09] "GET /images/snack.svg HTTP/1.1" 200 -
127.0.0.1 - - [24/Jul/2026 04:23:09] "GET /images/arm.svg HTTP/1.1" 200 -
127.0.0.1 - - [24/Jul/2026 04:23:09] "GET /images/teeth.svg HTTP/1.1" 200 -
127.0.0.1 - - [24/Jul/2026 04:23:09] "GET /images/finger.svg HTTP/1.1" 200 -
127.0.0.1 - - [24/Jul/2026 04:23:09] "GET /images/tongue.svg HTTP/1.1" 200 -
127.0.0.1 - - [24/Jul/2026 04:23:09] "GET /images/leg.svg HTTP/1.1" 200 -
127.0.0.1 - - [24/Jul/2026 04:23:09] "GET /images/hair.svg HTTP/1.1" 200 -
127.0.0.1 - - [24/Jul/2026 04:23:10] "GET /images/medal.svg HTTP/1.1" 200 -
127.0.0.1 - - [24/Jul/2026 04:23:10] "GET /images/trophy.svg HTTP/1.1" 200 -
127.0.0.1 - - [24/Jul/2026 04:23:10] "GET /images/fireworks.svg HTTP/1.1" 200 -
127.0.0.1 - - [24/Jul/2026 04:23:10] "GET /images/star-grand-finale.svg 
HTTP/1.1" 200 -
127.0.0.1 - - [24/Jul/2026 04:23:10] "GET /images/book-the-alien-princess.svg 
HTTP/1.1" 200 -
127.0.0.1 - - [24/Jul/2026 04:23:11] "GET /images/book-a-or-an.svg HTTP/1.1" 
200 -
127.0.0.1 - - [24/Jul/2026 04:23:11] "GET /images/book-through-the-portal.svg 
HTTP/1.1" 200 -
127.0.0.1 - - [24/Jul/2026 04:23:12] "GET /images/brush.svg HTTP/1.1" 200 -
127.0.0.1 - - [24/Jul/2026 04:23:12] "GET /images/box.svg HTTP/1.1" 200 -
127.0.0.1 - - [24/Jul/2026 04:23:13] "GET /images/book-count-the-bots.svg 
HTTP/1.1" 200 -
127.0.0.1 - - [24/Jul/2026 04:23:13] "GET /images/room.svg HTTP/1.1" 200 -
127.0.0.1 - - [24/Jul/2026 04:23:13] "GET /images/book-classroom-champion.svg 
HTTP/1.1" 200 -
127.0.0.1 - - [24/Jul/2026 04:23:13] "GET /images/happy-gondax-castle.svg 
HTTP/1.1" 200 -
127.0.0.1 - - [24/Jul/2026 04:23:14] "GET /images/anna.svg HTTP/1.1" 200 -
127.0.0.1 - - [24/Jul/2026 04:23:14] "GET /images/family.svg HTTP/1.1" 200 -
127.0.0.1 - - [24/Jul/2026 04:23:15] "GET /images/tired-not-true.svg HTTP/1.1" 
200 -
127.0.0.1 - - [24/Jul/2026 04:23:15] "GET /images/ready.svg HTTP/1.1" 200 -
127.0.0.1 - - [24/Jul/2026 04:23:15] "GET /images/tired-the-giant-eagle.svg 
HTTP/1.1" 200 -
127.0.0.1 - - [24/Jul/2026 04:23:16] "GET /images/near.svg HTTP/1.1" 200 -
127.0.0.1 - - [24/Jul/2026 04:23:16] "GET /images/child.svg HTTP/1.1" 200 -
127.0.0.1 - - [24/Jul/2026 04:23:17] "GET /images/draw.svg HTTP/1.1" 200 -
127.0.0.1 - - [24/Jul/2026 04:23:17] "GET /images/write.svg HTTP/1.1" 200 -
127.0.0.1 - - [24/Jul/2026 04:23:18] "GET /images/bounce.svg HTTP/1.1" 200 -
127.0.0.1 - - [24/Jul/2026 04:23:18] "GET /images/ride.svg HTTP/1.1" 200 -
127.0.0.1 - - [24/Jul/2026 04:23:18] "GET /images/lift.svg HTTP/1.1" 200 -
127.0.0.1 - - [24/Jul/2026 04:23:19] "GET /images/sing.svg HTTP/1.1" 200 -
127.0.0.1 - - [24/Jul/2026 04:23:19] "GET /images/wave-new-spell.svg HTTP/1.1" 
200 -
127.0.0.1 - - [24/Jul/2026 04:23:19] "GET /images/cast.svg HTTP/1.1" 200 -
127.0.0.1 - - [24/Jul/2026 04:23:19] "GET /images/third.svg HTTP/1.1" 200 -
127.0.0.1 - - [24/Jul/2026 04:23:19] "GET /images/turn.svg HTTP/1.1" 200 -
127.0.0.1 - - [24/Jul/2026 04:23:20] "GET /images/fly-activity-champion.svg 
HTTP/1.1" 200 -
127.0.0.1 - - [24/Jul/2026 04:23:22] "GET /images/table-sound-review.svg 
HTTP/1.1" 200 -
127.0.0.1 - - [24/Jul/2026 04:23:25] "GET /images/soup-me-them.svg HTTP/1.1" 
200 -
127.0.0.1 - - [24/Jul/2026 04:23:25] "GET /images/soup-food-court.svg 
HTTP/1.1" 200 -
127.0.0.1 - - [24/Jul/2026 04:23:25] "GET /images/stew.svg HTTP/1.1" 200 -
127.0.0.1 - - [24/Jul/2026 04:23:25] "GET /images/fruit-ludo-s-doubts.svg 
HTTP/1.1" 200 -
127.0.0.1 - - [24/Jul/2026 04:23:26] "GET /images/lamp.svg HTTP/1.1" 200 -
127.0.0.1 - - [24/Jul/2026 04:23:26] "GET /images/jump-sound-lab-st-nd-mp.svg 
HTTP/1.1" 200 -
127.0.0.1 - - [24/Jul/2026 04:23:26] "GET /images/play-barsu-wakes-up.svg 
HTTP/1.1" 200 -
127.0.0.1 - - [24/Jul/2026 04:23:27] "GET /images/play-students-are-not-ok.svg 
HTTP/1.1" 200 -
127.0.0.1 - - [24/Jul/2026 04:23:28] "GET /images/shop-not-every-day.svg 
HTTP/1.1" 200 -
127.0.0.1 - - [24/Jul/2026 04:23:28] "GET /images/help.svg HTTP/1.1" 200 -
127.0.0.1 - - [24/Jul/2026 04:23:29] "GET 
/images/grass-sound-lab-br-cr-dr-blends.svg HTTP/1.1" 200 -
127.0.0.1 - - [24/Jul/2026 04:23:29] "GET /images/drum.svg HTTP/1.1" 200 -
127.0.0.1 - - [24/Jul/2026 04:23:30] "GET /images/jumping.svg HTTP/1.1" 200 -
127.0.0.1 - - [24/Jul/2026 04:23:30] "GET /images/flying.svg HTTP/1.1" 200 -
127.0.0.1 - - [24/Jul/2026 04:23:30] "GET /images/singing.svg HTTP/1.1" 200 -
127.0.0.1 - - [24/Jul/2026 04:23:30] "GET /images/cooking.svg HTTP/1.1" 200 -
127.0.0.1 - - [24/Jul/2026 04:23:30] "GET /images/resting.svg HTTP/1.1" 200 -
127.0.0.1 - - [24/Jul/2026 04:23:31] "GET /images/doing.svg HTTP/1.1" 200 -
127.0.0.1 - - [24/Jul/2026 04:23:31] "GET /images/make.svg HTTP/1.1" 200 -
127.0.0.1 - - [24/Jul/2026 04:23:31] "GET /images/sunny-seasons-months.svg 
HTTP/1.1" 200 -
127.0.0.1 - - [24/Jul/2026 04:23:32] "GET /images/eat-now-vs-every-day.svg 
HTTP/1.1" 200 -
127.0.0.1 - - [24/Jul/2026 04:23:33] "GET /images/oranges.svg HTTP/1.1" 200 -
127.0.0.1 - - [24/Jul/2026 04:23:34] "GET /images/sugar.svg HTTP/1.1" 200 -
127.0.0.1 - - [24/Jul/2026 04:23:34] "GET /images/eggs.svg HTTP/1.1" 200 -
127.0.0.1 - - [24/Jul/2026 04:23:35] "GET /images/book-big-letters.svg 
HTTP/1.1" 200 -
127.0.0.1 - - [24/Jul/2026 04:23:36] "GET /images/tall.svg HTTP/1.1" 200 -
127.0.0.1 - - [24/Jul/2026 04:23:36] "GET /images/slow-the-fireflies.svg 
HTTP/1.1" 200 -
127.0.0.1 - - [24/Jul/2026 04:23:37] "GET /images/large.svg HTTP/1.1" 200 -
127.0.0.1 - - [24/Jul/2026 04:23:37] "GET /images/fast-better-or-worse.svg 
HTTP/1.1" 200 -
127.0.0.1 - - [24/Jul/2026 04:23:37] "GET /images/good.svg HTTP/1.1" 200 -
127.0.0.1 - - [24/Jul/2026 04:23:38] "GET /images/useful.svg HTTP/1.1" 200 -
127.0.0.1 - - [24/Jul/2026 04:23:38] "GET /images/tasty.svg HTTP/1.1" 200 -
127.0.0.1 - - [24/Jul/2026 04:23:38] "GET /images/spain.svg HTTP/1.1" 200 -
127.0.0.1 - - [24/Jul/2026 04:23:38] "GET /images/france.svg HTTP/1.1" 200 -
127.0.0.1 - - [24/Jul/2026 04:23:39] "GET /images/twin.svg HTTP/1.1" 200 -
127.0.0.1 - - [24/Jul/2026 04:23:42] "GET /images/string.svg HTTP/1.1" 200 -
127.0.0.1 - - [24/Jul/2026 04:23:42] "GET /images/strong.svg HTTP/1.1" 200 -
127.0.0.1 - - [24/Jul/2026 04:23:43] "GET /images/cook.svg HTTP/1.1" 200 -
127.0.0.1 - - [24/Jul/2026 04:23:43] "GET /images/play-yesterday-add-ed.svg 
HTTP/1.1" 200 -
127.0.0.1 - - [24/Jul/2026 04:23:43] "GET 
/images/eat-yesterday-tricky-verbs.svg HTTP/1.1" 200 -
127.0.0.1 - - [24/Jul/2026 04:23:43] "GET /images/have.svg HTTP/1.1" 200 -
127.0.0.1 - - [24/Jul/2026 04:23:43] "GET /images/play-it-was-happening.svg 
HTTP/1.1" 200 -
127.0.0.1 - - [24/Jul/2026 04:23:44] "GET /images/eat-already-done.svg 
HTTP/1.1" 200 -
127.0.0.1 - - [24/Jul/2026 04:23:44] "GET /images/leave.svg HTTP/1.1" 200 -
127.0.0.1 - - [24/Jul/2026 04:23:44] "GET /images/eat-done-before.svg 
HTTP/1.1" 200 -
127.0.0.1 - - [24/Jul/2026 04:23:44] "GET /images/see.svg HTTP/1.1" 200 -
127.0.0.1 - - [24/Jul/2026 04:23:44] "GET /images/win.svg HTTP/1.1" 200 -
127.0.0.1 - - [24/Jul/2026 04:23:44] "GET /images/come.svg HTTP/1.1" 200 -
127.0.0.1 - - [24/Jul/2026 04:23:44] "GET /images/travel.svg HTTP/1.1" 200 -
127.0.0.1 - - [24/Jul/2026 04:23:45] "GET /images/study.svg HTTP/1.1" 200 -
127.0.0.1 - - [24/Jul/2026 04:23:45] "GET /images/wait.svg HTTP/1.1" 200 -
127.0.0.1 - - [24/Jul/2026 04:23:46] "GET /images/can.svg HTTP/1.1" 200 -
127.0.0.1 - - [24/Jul/2026 04:23:46] "GET /images/might.svg HTTP/1.1" 200 -
127.0.0.1 - - [24/Jul/2026 04:23:46] "GET /images/must.svg HTTP/1.1" 200 -
127.0.0.1 - - [24/Jul/2026 04:23:47] "GET /images/drink.svg HTTP/1.1" 200 -
127.0.0.1 - - [24/Jul/2026 04:23:47] "GET /images/would.svg HTTP/1.1" 200 -
127.0.0.1 - - [24/Jul/2026 04:23:47] "GET 
/images/visit-habits-past-would-used-to.svg HTTP/1.1" 200 -
127.0.0.1 - - [24/Jul/2026 04:23:47] "GET /images/could.svg HTTP/1.1" 200 -
127.0.0.1 - - [24/Jul/2026 04:23:47] "GET /images/stay.svg HTTP/1.1" 200 -
127.0.0.1 - - [24/Jul/2026 04:23:48] "GET /images/helmet.svg HTTP/1.1" 200 -
127.0.0.1 - - [24/Jul/2026 04:23:49] "GET /images/plant.svg HTTP/1.1" 200 -
127.0.0.1 - - [24/Jul/2026 04:23:49] "GET 
/images/fly-second-conditional-unreal-present.svg HTTP/1.1" 200 -
127.0.0.1 - - [24/Jul/2026 04:23:50] "GET /images/called.svg HTTP/1.1" 200 -
127.0.0.1 - - [24/Jul/2026 04:23:50] "GET /images/asked.svg HTTP/1.1" 200 -
127.0.0.1 - - [24/Jul/2026 04:23:50] "GET /images/wings.svg HTTP/1.1" 200 -
127.0.0.1 - - [24/Jul/2026 04:23:50] "GET 
/images/sleep-conditional-questions-advice.svg HTTP/1.1" 200 -
127.0.0.1 - - [24/Jul/2026 04:23:51] "GET /images/late.svg HTTP/1.1" 200 -
127.0.0.1 - - [24/Jul/2026 04:23:51] "GET 
/images/sleep-conditional-time-connectives.svg HTTP/1.1" 200 -
127.0.0.1 - - [24/Jul/2026 04:23:51] "GET /images/call.svg HTTP/1.1" 200 -
127.0.0.1 - - [24/Jul/2026 04:23:51] "GET 
/images/cold-conditionals-in-conversation.svg HTTP/1.1" 200 -
127.0.0.1 - - [24/Jul/2026 04:23:52] "GET /images/rich.svg HTTP/1.1" 200 -
127.0.0.1 - - [24/Jul/2026 04:23:52] "GET /images/clean-made-right-here.svg 
HTTP/1.1" 200 -
127.0.0.1 - - [24/Jul/2026 04:23:52] "GET /images/found.svg HTTP/1.1" 200 -
127.0.0.1 - - [24/Jul/2026 04:23:53] "GET /images/fixed.svg HTTP/1.1" 200 -
127.0.0.1 - - [24/Jul/2026 04:23:53] "GET /images/song.svg HTTP/1.1" 200 -
127.0.0.1 - - [24/Jul/2026 04:23:53] "GET /images/sold.svg HTTP/1.1" 200 -
127.0.0.1 - - [24/Jul/2026 04:23:53] "GET /images/open-signs-rules.svg 
HTTP/1.1" 200 -
127.0.0.1 - - [24/Jul/2026 04:23:53] "GET /images/broken.svg HTTP/1.1" 200 -
127.0.0.1 - - [24/Jul/2026 04:23:54] "GET /images/opened.svg HTTP/1.1" 200 -
127.0.0.1 - - [24/Jul/2026 04:23:54] "GET /images/letter.svg HTTP/1.1" 200 -
127.0.0.1 - - [24/Jul/2026 04:23:54] "GET /images/book-build-it-passive.svg 
HTTP/1.1" 200 -
127.0.0.1 - - [24/Jul/2026 04:23:55] "GET /images/built.svg HTTP/1.1" 200 -
127.0.0.1 - - [24/Jul/2026 04:23:55] "GET /images/eaten.svg HTTP/1.1" 200 -
127.0.0.1 - - [24/Jul/2026 04:23:55] "GET /images/were.svg HTTP/1.1" 200 -
127.0.0.1 - - [24/Jul/2026 04:23:55] "GET /images/said.svg HTTP/1.1" 200 -
127.0.0.1 - - [24/Jul/2026 04:23:55] "GET /images/where.svg HTTP/1.1" 200 -
127.0.0.1 - - [24/Jul/2026 04:23:56] "GET /images/who.svg HTTP/1.1" 200 -
127.0.0.1 - - [24/Jul/2026 04:23:56] "GET /images/girl.svg HTTP/1.1" 200 -
127.0.0.1 - - [24/Jul/2026 04:23:57] "GET /images/happy-tag-questions.svg 
HTTP/1.1" 200 -
127.0.0.1 - - [24/Jul/2026 04:23:57] "GET /images/right-tag-questions.svg 
HTTP/1.1" 200 -
127.0.0.1 - - [24/Jul/2026 04:23:57] "GET /images/sent-give-me-the-ball.svg 
HTTP/1.1" 200 -
127.0.0.1 - - [24/Jul/2026 04:23:57] "GET /images/play-gerunds-infinitives.svg 
HTTP/1.1" 200 -
127.0.0.1 - - [24/Jul/2026 04:23:57] "GET /images/like.svg HTTP/1.1" 200 -
127.0.0.1 - - [24/Jul/2026 04:23:58] "GET /images/finish.svg HTTP/1.1" 200 -
127.0.0.1 - - [24/Jul/2026 04:23:58] "GET /images/want.svg HTTP/1.1" 200 -
127.0.0.1 - - [24/Jul/2026 04:23:58] "GET /images/decide.svg HTTP/1.1" 200 -
127.0.0.1 - - [24/Jul/2026 04:23:58] "GET /images/off.svg HTTP/1.1" 200 -
127.0.0.1 - - [24/Jul/2026 04:23:59] "GET 
/images/off-phrasal-verbs-with-take.svg HTTP/1.1" 200 -
127.0.0.1 - - [24/Jul/2026 04:23:59] "GET /images/put.svg HTTP/1.1" 200 -
127.0.0.1 - - [24/Jul/2026 04:23:59] "GET /images/safe.svg HTTP/1.1" 200 -
127.0.0.1 - - [24/Jul/2026 04:24:00] "GET /images/look.svg HTTP/1.1" 200 -
127.0.0.1 - - [24/Jul/2026 04:24:00] "GET /images/luck.svg HTTP/1.1" 200 -
127.0.0.1 - - [24/Jul/2026 04:24:00] "GET /images/mistake.svg HTTP/1.1" 200 -
127.0.0.1 - - [24/Jul/2026 04:24:01] "GET /images/tired-linking-words.svg 
HTTP/1.1" 200 -
127.0.0.1 - - [24/Jul/2026 04:24:01] "GET /images/but.svg HTTP/1.1" 200 -
127.0.0.1 - - [24/Jul/2026 04:24:01] "GET /images/today-time-expressions.svg 
HTTP/1.1" 200 -
127.0.0.1 - - [24/Jul/2026 04:24:01] "GET /images/soon.svg HTTP/1.1" 200 -
127.0.0.1 - - [24/Jul/2026 04:24:02] "GET /images/right.svg HTTP/1.1" 200 -
127.0.0.1 - - [24/Jul/2026 04:24:02] "GET /images/left.svg HTTP/1.1" 200 -
127.0.0.1 - - [24/Jul/2026 04:24:03] "GET /images/small-making-comparisons.svg 
HTTP/1.1" 200 -
127.0.0.1 - - [24/Jul/2026 04:24:03] "GET /images/noon.svg HTTP/1.1" 200 -
127.0.0.1 - - [24/Jul/2026 04:24:04] "GET /images/cold-health-illnesses.svg 
HTTP/1.1" 200 -
127.0.0.1 - - [24/Jul/2026 04:24:05] "GET /images/flour.svg HTTP/1.1" 200 -
127.0.0.1 - - [24/Jul/2026 04:24:05] "GET /images/price.svg HTTP/1.1" 200 -
127.0.0.1 - - [24/Jul/2026 04:24:05] "GET /images/dollar.svg HTTP/1.1" 200 -
127.0.0.1 - - [24/Jul/2026 04:24:05] "GET /images/chef-jobs-occupations.svg 
HTTP/1.1" 200 -
127.0.0.1 - - [24/Jul/2026 04:24:06] "GET /images/artist-jobs-occupations.svg 
HTTP/1.1" 200 -
127.0.0.1 - - [24/Jul/2026 04:24:06] "GET /images/work.svg HTTP/1.1" 200 -
127.0.0.1 - - [24/Jul/2026 04:24:06] "GET /images/email.svg HTTP/1.1" 200 -
127.0.0.1 - - [24/Jul/2026 04:24:06] "GET /images/class.svg HTTP/1.1" 200 -
127.0.0.1 - - [24/Jul/2026 04:24:06] "GET /images/maybe.svg HTTP/1.1" 200 -
127.0.0.1 - - [24/Jul/2026 04:24:07] "GET /images/wrong.svg HTTP/1.1" 200 -
127.0.0.1 - - [24/Jul/2026 04:24:07] "GET 
/images/may-asking-giving-permission.svg HTTP/1.1" 200 -
127.0.0.1 - - [24/Jul/2026 04:24:07] "GET /images/share.svg HTTP/1.1" 200 -
127.0.0.1 - - [24/Jul/2026 04:24:08] "GET /images/rest-offers-suggestions.svg 
HTTP/1.1" 200 -
127.0.0.1 - - [24/Jul/2026 04:24:08] "GET /images/oops.svg HTTP/1.1" 200 -
127.0.0.1 - - [24/Jul/2026 04:24:08] "GET /images/close.svg HTTP/1.1" 200 -
127.0.0.1 - - [24/Jul/2026 04:24:09] "GET /images/dear.svg HTTP/1.1" 200 -
127.0.0.1 - - [24/Jul/2026 04:24:09] "GET /images/thank.svg HTTP/1.1" 200 -
127.0.0.1 - - [24/Jul/2026 04:24:09] "GET /images/meet.svg HTTP/1.1" 200 -
127.0.0.1 - - [24/Jul/2026 04:24:10] "GET /images/eyes.svg HTTP/1.1" 200 -
127.0.0.1 - - [24/Jul/2026 04:24:10] "GET /images/aunt.svg HTTP/1.1" 200 -
127.0.0.1 - - [24/Jul/2026 04:24:10] "GET /images/cousin.svg HTTP/1.1" 200 -
127.0.0.1 - - [24/Jul/2026 04:24:10] "GET /images/bag-travel-airport.svg 
HTTP/1.1" 200 -
127.0.0.1 - - [24/Jul/2026 04:24:10] "GET /images/pass-travel-airport.svg 
HTTP/1.1" 200 -
127.0.0.1 - - [24/Jul/2026 04:24:11] "GET /images/key.svg HTTP/1.1" 200 -
127.0.0.1 - - [24/Jul/2026 04:24:11] "GET /images/stop.svg HTTP/1.1" 200 -
127.0.0.1 - - [24/Jul/2026 04:24:12] "GET /images/party-seasons-holidays.svg 
HTTP/1.1" 200 -
127.0.0.1 - - [24/Jul/2026 04:24:12] "GET /images/dancing.svg HTTP/1.1" 200 -
127.0.0.1 - - [24/Jul/2026 04:24:12] "GET 
/images/music-music-entertainment.svg HTTP/1.1" 200 -
127.0.0.1 - - [24/Jul/2026 04:24:13] "GET /images/tiger-animals-nature.svg 
HTTP/1.1" 200 -
127.0.0.1 - - [24/Jul/2026 04:24:13] "GET /images/bottle.svg HTTP/1.1" 200 -
127.0.0.1 - - [24/Jul/2026 04:24:14] "GET /images/wheel.svg HTTP/1.1" 200 -
127.0.0.1 - - [24/Jul/2026 04:24:14] "GET /images/bulb.svg HTTP/1.1" 200 -
127.0.0.1 - - [24/Jul/2026 04:24:15] "GET /audio/here-is-the-rank-board.wav 
HTTP/1.1" 200 -
127.0.0.1 - - [24/Jul/2026 04:24:15] "GET /index.html HTTP/1.1" 304 -
127.0.0.1 - - [24/Jul/2026 04:24:15] "GET /style.css HTTP/1.1" 304 -
127.0.0.1 - - [24/Jul/2026 04:24:15] "GET /app.js HTTP/1.1" 304 -
Running Magic Academy full-ladder E2E (headed) as user: kid_20260724_042155
  server: http://127.0.0.1:52191/index.html
  browser: chrome
  ץ Audio pack present: 2800 pre-recorded clips on disk (browser-independent)
  ץ Image asset inventory present: 3662 referenced image paths on disk
  ץ Login screen on first visit
  ץ Image check OK: home screen (0 visible images)
  ץ Registered new user 'kid_20260724_042155'; 305-level map, only Level 1 open
  ץ SOUND CHECK: speaking words aloud now
  ץ SOUND WORKS: 7/7 words spoke ALOUD in en-US (voices=4)
  ץ Map: 305 chips, 302 locked; locked levels refuse to start except 6 and 106
  ץ Checking every in-game sound button on Level 1 (also audible) ו
  ץ Image check OK: game listen_pick_word (0 images; ABC letter mode)
  ץ ABC level sound check skipped: Page.wait_for_selector: Timeout 4000ms exceeded.
Call log:
  - waiting for locator(".abc-letter") to be visible

  ץ Image check OK: game build_sentence (0 images; ABC letter mode)
  ץ ABC level sound check skipped: Page.wait_for_selector: Timeout 4000ms exceeded.
Call log:
  - waiting for locator(".abc-letter") to be visible

  ץ Image check OK: game listen_pick_picture (0 images; ABC letter mode)
  ץ Image check OK: game look_pick_word (0 images; ABC letter mode)
  ץ Image check OK: game spell_it (0 images; ABC letter mode)
  ץ Image check OK: game spell_it (0 images; ABC letter mode)
  ץ Image check OK: game look_pick_sound (0 images; ABC letter mode)
  ץ ABC level sound check skipped: tapping .abc-letter produced no speech for look_pick_sound
  ץ Image check OK: game match_pairs (0 images; ABC letter mode)
  ץ ABC level sound check skipped: tapping .abc-letter produced no speech for match_pairs
  ץ Image check OK: game sort_it (0 images; ABC letter mode)
  ץ ABC level sound check skipped: Page.wait_for_selector: Timeout 4000ms exceeded.
Call log:
  - waiting for locator(".abc-letter") to be visible

  ץ Image check OK: game true_false (0 images; ABC letter mode)
  ץ Level 1 in-game: 10/10 game types, 4 en-US sound buttons wired, tap-to-answer OK, 99/100
  ץ   swept  10/305 levels ק each: wrong <95 (locked) then 100 (unlock)
  ץ   swept  20/305 levels ק each: wrong <95 (locked) then 100 (unlock)
  ץ   swept  30/305 levels ק each: wrong <95 (locked) then 100 (unlock)
  ץ   swept  40/305 levels ק each: wrong <95 (locked) then 100 (unlock)
  ץ   swept  50/305 levels ק each: wrong <95 (locked) then 100 (unlock)
  ץ   swept  60/305 levels ק each: wrong <95 (locked) then 100 (unlock)
  ץ   swept  70/305 levels ק each: wrong <95 (locked) then 100 (unlock)
  ץ   swept  80/305 levels ק each: wrong <95 (locked) then 100 (unlock)
  ץ   swept  90/305 levels ק each: wrong <95 (locked) then 100 (unlock)
  ץ   swept 100/305 levels ק each: wrong <95 (locked) then 100 (unlock)
  ץ   swept 110/305 levels ק each: wrong <95 (locked) then 100 (unlock)
  ץ   swept 120/305 levels ק each: wrong <95 (locked) then 100 (unlock)
  ץ   swept 130/305 levels ק each: wrong <95 (locked) then 100 (unlock)
  ץ   swept 140/305 levels ק each: wrong <95 (locked) then 100 (unlock)
  ץ   swept 150/305 levels ק each: wrong <95 (locked) then 100 (unlock)
  ץ   swept 160/305 levels ק each: wrong <95 (locked) then 100 (unlock)
  ץ   swept 170/305 levels ק each: wrong <95 (locked) then 100 (unlock)
  ץ   swept 180/305 levels ק each: wrong <95 (locked) then 100 (unlock)
  ץ   swept 190/305 levels ק each: wrong <95 (locked) then 100 (unlock)
  ץ   swept 200/305 levels ק each: wrong <95 (locked) then 100 (unlock)
  ץ   swept 210/305 levels ק each: wrong <95 (locked) then 100 (unlock)
  ץ   swept 220/305 levels ק each: wrong <95 (locked) then 100 (unlock)
  ץ   swept 230/305 levels ק each: wrong <95 (locked) then 100 (unlock)
  ץ   swept 240/305 levels ק each: wrong <95 (locked) then 100 (unlock)
  ץ   swept 250/305 levels ק each: wrong <95 (locked) then 100 (unlock)
  ץ   swept 260/305 levels ק each: wrong <95 (locked) then 100 (unlock)
  ץ   swept 270/305 levels ק each: wrong <95 (locked) then 100 (unlock)
  ץ   swept 280/305 levels ק each: wrong <95 (locked) then 100 (unlock)
  ץ   swept 290/305 levels ק each: wrong <95 (locked) then 100 (unlock)
  ץ   swept 300/305 levels ק each: wrong <95 (locked) then 100 (unlock)
  ץ   swept 305/305 levels ק each: wrong <95 (locked) then 100 (unlock)
  ץ Full ladder DONE: 305 levels validated, 610 sessions (wrong+correct each), all mastered
  ץ Rank board: 'kid_20260724_042155' is #1 above the newcomer; current user highlighted
  ץ After reload: all 305 levels still mastered (cookies persist)
  screenshot saved: C:\Users\dvir\Documents\GitHub\englishGame\test-artifacts\e2e-summary.png

==================  E2E: ALL CHECKS PASSED  ==================
